// Jest Snapshot v1, https://goo.gl/fbAQLP

exports[`integ snapshot validation 1`] = `
Object {
  "Outputs": Object {
    "ThingWithCertcertId0E82E7DE": Object {
      "Value": Object {
        "Fn::GetAtt": Array [
          "ThingWithCertlambdaCustomResource28E12CE8",
          "certId",
        ],
      },
    },
    "ThingWithCertcertPemC95F75D1": Object {
      "Value": Object {
        "Fn::GetAtt": Array [
          "ThingWithCertlambdaCustomResource28E12CE8",
          "certPem",
        ],
      },
    },
    "ThingWithCertprivKey15A83043": Object {
      "Value": Object {
        "Fn::GetAtt": Array [
          "ThingWithCertlambdaCustomResource28E12CE8",
          "privKey",
        ],
      },
    },
    "ThingWithCertthingArn39A86BCA": Object {
      "Value": Object {
        "Fn::GetAtt": Array [
          "ThingWithCertlambdaCustomResource28E12CE8",
          "thingArn",
        ],
      },
    },
  },
  "Parameters": Object {
    "AssetParameters67b7823b74bc135986aa72f889d6a8da058d0c4a20cbc2dfc6f78995fdd2fc24ArtifactHashBA91B77F": Object {
      "Description": "Artifact hash for asset \\"67b7823b74bc135986aa72f889d6a8da058d0c4a20cbc2dfc6f78995fdd2fc24\\"",
      "Type": "String",
    },
    "AssetParameters67b7823b74bc135986aa72f889d6a8da058d0c4a20cbc2dfc6f78995fdd2fc24S3Bucket4D46ABB5": Object {
      "Description": "S3 bucket for asset \\"67b7823b74bc135986aa72f889d6a8da058d0c4a20cbc2dfc6f78995fdd2fc24\\"",
      "Type": "String",
    },
    "AssetParameters67b7823b74bc135986aa72f889d6a8da058d0c4a20cbc2dfc6f78995fdd2fc24S3VersionKeyB0F28861": Object {
      "Description": "S3 key for asset version \\"67b7823b74bc135986aa72f889d6a8da058d0c4a20cbc2dfc6f78995fdd2fc24\\"",
      "Type": "String",
    },
    "AssetParametersc691172cdeefa2c91b5a2907f9d81118e47597634943344795f1a844192dd49cArtifactHash627DAAA7": Object {
      "Description": "Artifact hash for asset \\"c691172cdeefa2c91b5a2907f9d81118e47597634943344795f1a844192dd49c\\"",
      "Type": "String",
    },
    "AssetParametersc691172cdeefa2c91b5a2907f9d81118e47597634943344795f1a844192dd49cS3BucketEAC9DD43": Object {
      "Description": "S3 bucket for asset \\"c691172cdeefa2c91b5a2907f9d81118e47597634943344795f1a844192dd49c\\"",
      "Type": "String",
    },
    "AssetParametersc691172cdeefa2c91b5a2907f9d81118e47597634943344795f1a844192dd49cS3VersionKeyDD9AE9E7": Object {
      "Description": "S3 key for asset version \\"c691172cdeefa2c91b5a2907f9d81118e47597634943344795f1a844192dd49c\\"",
      "Type": "String",
    },
    "AssetParametersc7e3859ea9578c81abba290aa214ba21783ce029bd7b5f4f349df4d5c13e3f65ArtifactHashF7319B12": Object {
      "Description": "Artifact hash for asset \\"c7e3859ea9578c81abba290aa214ba21783ce029bd7b5f4f349df4d5c13e3f65\\"",
      "Type": "String",
    },
    "AssetParametersc7e3859ea9578c81abba290aa214ba21783ce029bd7b5f4f349df4d5c13e3f65S3Bucket440CC2A6": Object {
      "Description": "S3 bucket for asset \\"c7e3859ea9578c81abba290aa214ba21783ce029bd7b5f4f349df4d5c13e3f65\\"",
      "Type": "String",
    },
    "AssetParametersc7e3859ea9578c81abba290aa214ba21783ce029bd7b5f4f349df4d5c13e3f65S3VersionKey5768D31D": Object {
      "Description": "S3 key for asset version \\"c7e3859ea9578c81abba290aa214ba21783ce029bd7b5f4f349df4d5c13e3f65\\"",
      "Type": "String",
    },
  },
  "Resources": Object {
    "LogRetentionaae0aa3c5b4d4f87b02d85b201efdd8aFD4BFC8A": Object {
      "DependsOn": Array [
        "LogRetentionaae0aa3c5b4d4f87b02d85b201efdd8aServiceRoleDefaultPolicyADDA7DEB",
        "LogRetentionaae0aa3c5b4d4f87b02d85b201efdd8aServiceRole9741ECFB",
      ],
      "Properties": Object {
        "Code": Object {
          "S3Bucket": Object {
            "Ref": "AssetParameters67b7823b74bc135986aa72f889d6a8da058d0c4a20cbc2dfc6f78995fdd2fc24S3Bucket4D46ABB5",
          },
          "S3Key": Object {
            "Fn::Join": Array [
              "",
              Array [
                Object {
                  "Fn::Select": Array [
                    0,
                    Object {
                      "Fn::Split": Array [
                        "||",
                        Object {
                          "Ref": "AssetParameters67b7823b74bc135986aa72f889d6a8da058d0c4a20cbc2dfc6f78995fdd2fc24S3VersionKeyB0F28861",
                        },
                      ],
                    },
                  ],
                },
                Object {
                  "Fn::Select": Array [
                    1,
                    Object {
                      "Fn::Split": Array [
                        "||",
                        Object {
                          "Ref": "AssetParameters67b7823b74bc135986aa72f889d6a8da058d0c4a20cbc2dfc6f78995fdd2fc24S3VersionKeyB0F28861",
                        },
                      ],
                    },
                  ],
                },
              ],
            ],
          },
        },
        "Handler": "index.handler",
        "Role": Object {
          "Fn::GetAtt": Array [
            "LogRetentionaae0aa3c5b4d4f87b02d85b201efdd8aServiceRole9741ECFB",
            "Arn",
          ],
        },
        "Runtime": "nodejs12.x",
      },
      "Type": "AWS::Lambda::Function",
    },
    "LogRetentionaae0aa3c5b4d4f87b02d85b201efdd8aServiceRole9741ECFB": Object {
      "Properties": Object {
        "AssumeRolePolicyDocument": Object {
          "Statement": Array [
            Object {
              "Action": "sts:AssumeRole",
              "Effect": "Allow",
              "Principal": Object {
                "Service": "lambda.amazonaws.com",
              },
            },
          ],
          "Version": "2012-10-17",
        },
        "ManagedPolicyArns": Array [
          Object {
            "Fn::Join": Array [
              "",
              Array [
                "arn:",
                Object {
                  "Ref": "AWS::Partition",
                },
                ":iam::aws:policy/service-role/AWSLambdaBasicExecutionRole",
              ],
            ],
          },
        ],
      },
      "Type": "AWS::IAM::Role",
    },
    "LogRetentionaae0aa3c5b4d4f87b02d85b201efdd8aServiceRoleDefaultPolicyADDA7DEB": Object {
      "Properties": Object {
        "PolicyDocument": Object {
          "Statement": Array [
            Object {
              "Action": Array [
                "logs:PutRetentionPolicy",
                "logs:DeleteRetentionPolicy",
              ],
              "Effect": "Allow",
              "Resource": "*",
            },
          ],
          "Version": "2012-10-17",
        },
        "PolicyName": "LogRetentionaae0aa3c5b4d4f87b02d85b201efdd8aServiceRoleDefaultPolicyADDA7DEB",
        "Roles": Array [
          Object {
            "Ref": "LogRetentionaae0aa3c5b4d4f87b02d85b201efdd8aServiceRole9741ECFB",
          },
        ],
      },
      "Type": "AWS::IAM::Policy",
    },
    "ThingWithCertLambdaExecutionRole25FAB8F4": Object {
      "Properties": Object {
        "AssumeRolePolicyDocument": Object {
          "Statement": Array [
            Object {
              "Action": "sts:AssumeRole",
              "Effect": "Allow",
              "Principal": Object {
                "Service": "lambda.amazonaws.com",
              },
            },
          ],
          "Version": "2012-10-17",
        },
      },
      "Type": "AWS::IAM::Role",
    },
    "ThingWithCertLambdaExecutionRoleDefaultPolicy9FF9FB4B": Object {
      "Properties": Object {
        "PolicyDocument": Object {
          "Statement": Array [
            Object {
              "Action": Array [
                "logs:CreateLogGroup",
                "logs:CreateLogStream",
                "logs:PutLogEvents",
              ],
              "Effect": "Allow",
              "Resource": "arn:aws:logs:*:*:*",
            },
            Object {
              "Action": "iot:*",
              "Effect": "Allow",
              "Resource": "*",
            },
          ],
          "Version": "2012-10-17",
        },
        "PolicyName": "ThingWithCertLambdaExecutionRoleDefaultPolicy9FF9FB4B",
        "Roles": Array [
          Object {
            "Ref": "ThingWithCertLambdaExecutionRole25FAB8F4",
          },
        ],
      },
      "Type": "AWS::IAM::Policy",
    },
    "ThingWithCertlambdaCustomResource28E12CE8": Object {
      "Properties": Object {
        "ServiceToken": Object {
          "Fn::GetAtt": Array [
            "ThingWithCertlambdaProviderframeworkonEvent497EC884",
            "Arn",
          ],
        },
        "ThingName": "thingName",
      },
      "Type": "AWS::CloudFormation::CustomResource",
    },
    "ThingWithCertlambdaFunction9E90C8BA": Object {
      "DependsOn": Array [
        "ThingWithCertLambdaExecutionRoleDefaultPolicy9FF9FB4B",
        "ThingWithCertLambdaExecutionRole25FAB8F4",
      ],
      "Properties": Object {
        "Code": Object {
          "S3Bucket": Object {
            "Ref": "AssetParametersc7e3859ea9578c81abba290aa214ba21783ce029bd7b5f4f349df4d5c13e3f65S3Bucket440CC2A6",
          },
          "S3Key": Object {
            "Fn::Join": Array [
              "",
              Array [
                Object {
                  "Fn::Select": Array [
                    0,
                    Object {
                      "Fn::Split": Array [
                        "||",
                        Object {
                          "Ref": "AssetParametersc7e3859ea9578c81abba290aa214ba21783ce029bd7b5f4f349df4d5c13e3f65S3VersionKey5768D31D",
                        },
                      ],
                    },
                  ],
                },
                Object {
                  "Fn::Select": Array [
                    1,
                    Object {
                      "Fn::Split": Array [
                        "||",
                        Object {
                          "Ref": "AssetParametersc7e3859ea9578c81abba290aa214ba21783ce029bd7b5f4f349df4d5c13e3f65S3VersionKey5768D31D",
                        },
                      ],
                    },
                  ],
                },
              ],
            ],
          },
        },
        "Environment": Object {
          "Variables": Object {
            "AWS_NODEJS_CONNECTION_REUSE_ENABLED": "1",
          },
        },
        "Handler": "index.handler",
        "Role": Object {
          "Fn::GetAtt": Array [
            "ThingWithCertLambdaExecutionRole25FAB8F4",
            "Arn",
          ],
        },
        "Runtime": "nodejs14.x",
        "Timeout": 10,
      },
      "Type": "AWS::Lambda::Function",
    },
    "ThingWithCertlambdaFunctionLogRetention1BE9E451": Object {
      "Properties": Object {
        "LogGroupName": Object {
          "Fn::Join": Array [
            "",
            Array [
              "/aws/lambda/",
              Object {
                "Ref": "ThingWithCertlambdaFunction9E90C8BA",
              },
            ],
          ],
        },
        "RetentionInDays": 1,
        "ServiceToken": Object {
          "Fn::GetAtt": Array [
            "LogRetentionaae0aa3c5b4d4f87b02d85b201efdd8aFD4BFC8A",
            "Arn",
          ],
        },
      },
      "Type": "Custom::LogRetention",
    },
    "ThingWithCertlambdaProviderframeworkonEvent497EC884": Object {
      "DependsOn": Array [
        "ThingWithCertlambdaProviderframeworkonEventServiceRoleDefaultPolicyC133ABFF",
        "ThingWithCertlambdaProviderframeworkonEventServiceRole95EF1588",
      ],
      "Properties": Object {
        "Code": Object {
          "S3Bucket": Object {
            "Ref": "AssetParametersc691172cdeefa2c91b5a2907f9d81118e47597634943344795f1a844192dd49cS3BucketEAC9DD43",
          },
          "S3Key": Object {
            "Fn::Join": Array [
              "",
              Array [
                Object {
                  "Fn::Select": Array [
                    0,
                    Object {
                      "Fn::Split": Array [
                        "||",
                        Object {
                          "Ref": "AssetParametersc691172cdeefa2c91b5a2907f9d81118e47597634943344795f1a844192dd49cS3VersionKeyDD9AE9E7",
                        },
                      ],
                    },
                  ],
                },
                Object {
                  "Fn::Select": Array [
                    1,
                    Object {
                      "Fn::Split": Array [
                        "||",
                        Object {
                          "Ref": "AssetParametersc691172cdeefa2c91b5a2907f9d81118e47597634943344795f1a844192dd49cS3VersionKeyDD9AE9E7",
                        },
                      ],
                    },
                  ],
                },
              ],
            ],
          },
        },
        "Description": "AWS CDK resource provider framework - onEvent (integ-stack/ThingWithCert/lambdaProvider)",
        "Environment": Object {
          "Variables": Object {
            "USER_ON_EVENT_FUNCTION_ARN": Object {
              "Fn::GetAtt": Array [
                "ThingWithCertlambdaFunction9E90C8BA",
                "Arn",
              ],
            },
          },
        },
        "Handler": "framework.onEvent",
        "Role": Object {
          "Fn::GetAtt": Array [
            "ThingWithCertlambdaProviderframeworkonEventServiceRole95EF1588",
            "Arn",
          ],
        },
        "Runtime": "nodejs14.x",
        "Timeout": 900,
      },
      "Type": "AWS::Lambda::Function",
    },
    "ThingWithCertlambdaProviderframeworkonEventServiceRole95EF1588": Object {
      "Properties": Object {
        "AssumeRolePolicyDocument": Object {
          "Statement": Array [
            Object {
              "Action": "sts:AssumeRole",
              "Effect": "Allow",
              "Principal": Object {
                "Service": "lambda.amazonaws.com",
              },
            },
          ],
          "Version": "2012-10-17",
        },
        "ManagedPolicyArns": Array [
          Object {
            "Fn::Join": Array [
              "",
              Array [
                "arn:",
                Object {
                  "Ref": "AWS::Partition",
                },
                ":iam::aws:policy/service-role/AWSLambdaBasicExecutionRole",
              ],
            ],
          },
        ],
      },
      "Type": "AWS::IAM::Role",
    },
    "ThingWithCertlambdaProviderframeworkonEventServiceRoleDefaultPolicyC133ABFF": Object {
      "Properties": Object {
        "PolicyDocument": Object {
          "Statement": Array [
            Object {
              "Action": "lambda:InvokeFunction",
              "Effect": "Allow",
              "Resource": Object {
                "Fn::GetAtt": Array [
                  "ThingWithCertlambdaFunction9E90C8BA",
                  "Arn",
                ],
              },
            },
          ],
          "Version": "2012-10-17",
        },
        "PolicyName": "ThingWithCertlambdaProviderframeworkonEventServiceRoleDefaultPolicyC133ABFF",
        "Roles": Array [
          Object {
            "Ref": "ThingWithCertlambdaProviderframeworkonEventServiceRole95EF1588",
          },
        ],
      },
      "Type": "AWS::IAM::Policy",
    },
    "ThingWithCertparamStoreCertPem15876E53": Object {
      "Properties": Object {
        "Name": "undefined/thingName/certPem",
        "Type": "String",
        "Value": Object {
          "Fn::GetAtt": Array [
            "ThingWithCertlambdaCustomResource28E12CE8",
            "certPem",
          ],
        },
      },
      "Type": "AWS::SSM::Parameter",
    },
    "ThingWithCertparamStorePrivKey2E5E90A6": Object {
      "Properties": Object {
        "Name": "undefined/thingName/privKey",
        "Type": "String",
        "Value": Object {
          "Fn::GetAtt": Array [
            "ThingWithCertlambdaCustomResource28E12CE8",
            "privKey",
          ],
        },
      },
      "Type": "AWS::SSM::Parameter",
    },
  },
}
`;
